
> mitti-website@0.1.0 build
> next build

   Γû▓ Next.js 15.5.19
   - Environments: .env.local

   Creating an optimized production build ...
 Γ£ô Compiled successfully in 7.8s
   Linting and checking validity of types ...

./src/app/api/upload/route.ts
32:14  Warning: 'err' is defined but never used.  @typescript-eslint/no-unused-vars

./src/app/articles/[slug]/page.tsx
168:13  Warning: Using `<img>` could result in slower LCP and higher bandwidth. Consider using `<Image />` from `next/image` or a custom image loader to automatically optimize images. This may incur additional usage or cost from your provider. See: https://nextjs.org/docs/messages/no-img-element  @next/next/no-img-element
215:23  Warning: Using `<img>` could result in slower LCP and higher bandwidth. Consider using `<Image />` from `next/image` or a custom image loader to automatically optimize images. This may incur additional usage or cost from your provider. See: https://nextjs.org/docs/messages/no-img-element  @next/next/no-img-element
283:21  Warning: Using `<img>` could result in slower LCP and higher bandwidth. Consider using `<Image />` from `next/image` or a custom image loader to automatically optimize images. This may incur additional usage or cost from your provider. See: https://nextjs.org/docs/messages/no-img-element  @next/next/no-img-element

./src/app/creators/[id]/page.tsx
6:23  Warning: 'getArticles' is defined but never used.  @typescript-eslint/no-unused-vars
105:13  Warning: Using `<img>` could result in slower LCP and higher bandwidth. Consider using `<Image />` from `next/image` or a custom image loader to automatically optimize images. This may incur additional usage or cost from your provider. See: https://nextjs.org/docs/messages/no-img-element  @next/next/no-img-element
212:23  Warning: Using `<img>` could result in slower LCP and higher bandwidth. Consider using `<Image />` from `next/image` or a custom image loader to automatically optimize images. This may incur additional usage or cost from your provider. See: https://nextjs.org/docs/messages/no-img-element  @next/next/no-img-element

./src/components/admin/AddCreatorForm.tsx
146:17  Warning: Using `<img>` could result in slower LCP and higher bandwidth. Consider using `<Image />` from `next/image` or a custom image loader to automatically optimize images. This may incur additional usage or cost from your provider. See: https://nextjs.org/docs/messages/no-img-element  @next/next/no-img-element

./src/components/admin/ArticleEditor.tsx
208:19  Warning: Using `<img>` could result in slower LCP and higher bandwidth. Consider using `<Image />` from `next/image` or a custom image loader to automatically optimize images. This may incur additional usage or cost from your provider. See: https://nextjs.org/docs/messages/no-img-element  @next/next/no-img-element

./src/components/admin/ArticlePublisher.tsx
277:17  Warning: Using `<img>` could result in slower LCP and higher bandwidth. Consider using `<Image />` from `next/image` or a custom image loader to automatically optimize images. This may incur additional usage or cost from your provider. See: https://nextjs.org/docs/messages/no-img-element  @next/next/no-img-element

./src/components/admin/CreatorEditor.tsx
218:19  Warning: Using `<img>` could result in slower LCP and higher bandwidth. Consider using `<Image />` from `next/image` or a custom image loader to automatically optimize images. This may incur additional usage or cost from your provider. See: https://nextjs.org/docs/messages/no-img-element  @next/next/no-img-element

./src/components/admin/SEOChecker.tsx
129:11  Warning: 'contentLower' is assigned a value but never used.  @typescript-eslint/no-unused-vars
238:18  Warning: 'maxScore' is assigned a value but never used.  @typescript-eslint/no-unused-vars

./src/components/AdsenseContainer.tsx
13:3  Warning: 'publisherId' is assigned a value but never used.  @typescript-eslint/no-unused-vars

./src/components/ArticleTracker.tsx
32:16  Warning: 'e' is defined but never used.  @typescript-eslint/no-unused-vars
54:16  Warning: 'e' is defined but never used.  @typescript-eslint/no-unused-vars

./src/components/CreatorDatabase.tsx
157:21  Warning: Using `<img>` could result in slower LCP and higher bandwidth. Consider using `<Image />` from `next/image` or a custom image loader to automatically optimize images. This may incur additional usage or cost from your provider. See: https://nextjs.org/docs/messages/no-img-element  @next/next/no-img-element

./src/components/Footer.tsx
80:15  Warning: Using `<img>` could result in slower LCP and higher bandwidth. Consider using `<Image />` from `next/image` or a custom image loader to automatically optimize images. This may incur additional usage or cost from your provider. See: https://nextjs.org/docs/messages/no-img-element  @next/next/no-img-element

./src/components/Header.tsx
5:30  Warning: 'TrendingUp' is defined but never used.  @typescript-eslint/no-unused-vars
117:13  Warning: Using `<img>` could result in slower LCP and higher bandwidth. Consider using `<Image />` from `next/image` or a custom image loader to automatically optimize images. This may incur additional usage or cost from your provider. See: https://nextjs.org/docs/messages/no-img-element  @next/next/no-img-element

./src/lib/db.ts
539:80  Warning: '_' is defined but never used.  @typescript-eslint/no-unused-vars
567:83  Warning: '_' is defined but never used.  @typescript-eslint/no-unused-vars
594:83  Warning: '_' is defined but never used.  @typescript-eslint/no-unused-vars
707:80  Warning: '_' is defined but never used.  @typescript-eslint/no-unused-vars
880:12  Warning: 'e' is defined but never used.  @typescript-eslint/no-unused-vars

info  - Need to disable some ESLint rules? Learn more here: https://nextjs.org/docs/app/api-reference/config/eslint#disabling-rules
   Collecting page data ...
npm : (node:1196) Warning: NodeVersionSupportWarning: The AWS SDK for JavaScript (v3)
At line:1 char:1
+ npm run build > build_output.txt 2>&1
+ ~~~~~~~~~~~~~~~~~~~~~~~~~~~~~~~~~~~~~
    + CategoryInfo          : NotSpecified: ((node:1196) War...JavaScript (v3):String) [], RemoteException
    + FullyQualifiedErrorId : NativeCommandError
 
versions published after the first week of January 2027
will require node >=22. You are running node v20.9.0.

To continue receiving updates to AWS services, bug fixes,
and security updates please upgrade to node >=22.

More information can be found at: https://a.co/c895JFp
(Use `node --trace-warnings ...` to show where the warning was created)
   Generating static pages (0/18) ...
   Generating static pages (4/18) 
   Generating static pages (8/18) 
(node:24948) Warning: NodeVersionSupportWarning: The AWS SDK for JavaScript (v3)
versions published after the first week of January 2027
will require node >=22. You are running node v20.9.0.

To continue receiving updates to AWS services, bug fixes,
and security updates please upgrade to node >=22.

More information can be found at: https://a.co/c895JFp
(Use `node --trace-warnings ...` to show where the warning was created)
   Generating static pages (13/18) 
 Γ£ô Generating static pages (18/18)
   Finalizing page optimization ...
   Collecting build traces ...

Route (app)                                                                                                     Size  First Load JS  Revalidate  Expire
Γöî Γùï /                                                                                                        9.72 kB         306 kB         15m      1y
Γö£ Γùï /_not-found                                                                                                998 B         103 kB
Γö£ Γùï /admin                                                                                                   18.7 kB         310 kB
Γö£ ╞Æ /ads.txt                                                                                                   144 B         102 kB
Γö£ ╞Æ /api/revalidate                                                                                            144 B         102 kB
Γö£ ╞Æ /api/upload                                                                                                144 B         102 kB
Γö£ ΓùÅ /articles/[slug]                                                                                         4.07 kB         296 kB         15m      1y
Γö£   Γö£ /articles/major-diplomatic-breakthrough-pakistan-mediates-us-iran-peace-talks-in-switzerland                                          15m      1y
Γö£   Γö£ /articles/bella-hadid-opens-up-about-her-faith-expresses-regret-over-not-learning-about-islam-earlier                                 15m      1y
Γö£   Γöö /articles/priyanka-chopras-hollywood-debut-quantico-sparks-debate-on-international-narratives                                         15m      1y
Γö£ ╞Æ /auth/callback                                                                                             144 B         102 kB
Γö£ Γùï /creators                                                                                                  964 B         297 kB         15m      1y
Γö£ ΓùÅ /creators/[id]                                                                                           3.26 kB         295 kB
Γö£ ╞Æ /feed.xml                                                                                                  144 B         102 kB
Γö£ Γùï /icon.png                                                                                                    0 B            0 B
Γö£ ╞Æ /llms.txt                                                                                                  144 B         102 kB
Γö£ Γùï /login                                                                                                   2.32 kB         294 kB
Γö£ Γùï /privacy                                                                                                   134 B         295 kB         15m      1y
Γö£ Γùï /robots.txt                                                                                                144 B         102 kB
Γö£ ╞Æ /sitemap.xml                                                                                               144 B         102 kB
Γöö Γùï /terms                                                                                                     133 B         295 kB         15m      1y
+ First Load JS shared by all                                                                                 102 kB
  Γö£ chunks/255-b3587136e1c6866f.js                                                                           46.1 kB
  Γö£ chunks/4bd1b696-8b20f5740c9f0351.js                                                                      54.2 kB
  Γöö other shared chunks (total)                                                                              1.99 kB


Γùï  (Static)   prerendered as static content
ΓùÅ  (SSG)      prerendered as static HTML (uses generateStaticParams)
╞Æ  (Dynamic)  server-rendered on demand

