637-ad563b947ffe424a.js:1 Firestore updateArticle error FirebaseError: No document to update: projects/windowsassistant-1871a/databases/(default)/documents/articles/art-1782011841887
Q @ 637-ad563b947ffe424a.js:1
